<html>
<body>
<pre>
<h1>µVision Build Log</h1>
<h2>Tool Versions:</h2>
IDE-Version: ¦ÌVision V5.15
Copyright (C) 2015 ARM Ltd and ARM Germany GmbH. All rights reserved.
License Information: 1 2, 3, LIC=TA330-BBGLD-BW52G-V1FZ9-7ZGPR-AGWXZ
 
Tool Versions:
Toolchain:       MDK-ARM Professional  Version: 5.15.0
Toolchain Path:  D:\Keil_v5\ARM\ARMCC\Bin
C Compiler:      Armcc.exe V5.05 update 2 (build 169)
Assembler:       Armasm.exe V5.05 update 2 (build 169)
Linker/Locator:  ArmLink.exe V5.05 update 2 (build 169)
Library Manager: ArmAr.exe V5.05 update 2 (build 169)
Hex Converter:   FromElf.exe V5.05 update 2 (build 169)
CPU DLL:         SARMCM3.DLL V5.15.0
Dialog DLL:      DCM.DLL V1.13.2.0
Target DLL:      STLink\ST-LINKIII-KEIL_SWO.dll V2.0.15.0_KEIL
Dialog DLL:      TCM.DLL V1.14.5.0
 
<h2>Project:</h2>
C:\Users\admin\Desktop\ICP_mine1.1\MDK-ARM\ICP_mine1.1.uvprojx
Project File Date:  11/20/2017

<h2>Output:</h2>
*** Using Compiler 'V5.05 update 2 (build 169)', folder: 'D:\Keil_v5\ARM\ARMCC\Bin'
Build target 'ICP_mine1.1'
compiling lapi.c...
compiling lauxlib.c...
compiling lbaselib.c...
compiling lbitlib.c...
compiling lcode.c...
compiling lcorolib.c...
compiling lctype.c...
compiling ldblib.c...
compiling ldebug.c...
compiling ldo.c...
compiling ldump.c...
compiling lfunc.c...
compiling lgc.c...
compiling linit.c...
compiling liolib.c...
compiling llex.c...
compiling lmathlib.c...
compiling lmem.c...
compiling loadlib.c...
compiling lobject.c...
compiling lopcodes.c...
compiling loslib.c...
compiling lparser.c...
compiling lstate.c...
compiling lstring.c...
compiling lstrlib.c...
compiling ltable.c...
compiling ltablib.c...
compiling ltm.c...
compiling lundump.c...
compiling lutf8lib.c...
compiling lvm.c...
compiling lzio.c...
compiling lua_test.c...
..\Hardware\lua-5.3.4\user\lua_test.c(548): warning:  #177-D: function "pmain" was declared but never referenced
  static int pmain (lua_State *L) {
..\Hardware\lua-5.3.4\user\lua_test.c: 1 warning, 0 errors
linking...
Program Size: Code=176994 RO-data=183174 RW-data=180 ZI-data=130548  
"ICP_mine1.1\ICP_mine1.1" - 0 Error(s), 1 Warning(s).

<h2>Software Packages used:</h2>

Package Vendor: ARM
                http://www.keil.com/pack/ARM.CMSIS.4.3.0.pack
                ARM::CMSIS:CORE:4.1.0
                CMSIS (Cortex Microcontroller Software Interface Standard)
   * Component: CORE Version: 4.1.0

<h2>Collection of Component include folders:</h2>
  C:\Users\admin\Desktop\ICP_mine1.1\MDK-ARM\RTE
  D:\Keil_v5\ARM\PACK\ARM\CMSIS\4.3.0\CMSIS\Include
  D:\Keil_v5\ARM\PACK\Keil\STM32F4xx_DFP\2.11.0\Drivers\CMSIS\Device\ST\STM32F4xx\Include

<h2>Collection of Component Files used:</h2>

   * Component: ARM::CMSIS:CORE:4.1.0
</pre>
</body>
</html>
